[18:31:49] [FIX] Executable permission fixed : ./test/badfile
[18:31:49] [FIX] Executable permission fixed : ./test/suidfile
[18:31:49] [FIX] Executable permission fixed : ./test/sgidfile
[18:35:47] [FIX] Executable permission fixed : ./test/badfile
[18:35:47] [FIX] Executable permission fixed : ./test/suidfile
[18:35:47] [FIX] Executable permission fixed : ./test/sgidfile
[18:35:48] [FIX] Executable permission fixed : ./scanner.sh.save.1
[18:35:52] [FIX] Directory permission fixed : ./signatures
[18:35:52] [FIX] File permission fixed : ./signatures/report_2026-05-15_15-57-28.txt.sha256
[18:35:52] [FIX] Executable permission fixed : ./modules/logging_module.sh
[18:35:52] [FIX] Executable permission fixed : ./modules/scanner_module.sh
[18:35:52] [FIX] Executable permission fixed : ./modules/sensitive_module.sh
[18:35:52] [FIX] Executable permission fixed : ./modules/scoring_module.sh
[18:35:52] [FIX] Executable permission fixed : ./modules/utils_module.sh
[18:35:52] [FIX] Executable permission fixed : ./modules/dashboard_module.sh
[18:36:34] [FIX] Executable permission fixed : ./test/badfile
[18:36:34] [FIX] Executable permission fixed : ./test/suidfile
[18:36:34] [FIX] Executable permission fixed : ./test/sgidfile
[18:36:35] [FIX] Executable permission fixed : ./scanner.sh.save.1
[18:36:39] [FIX] Executable permission fixed : ./modules/logging_module.sh
[18:36:40] [FIX] Executable permission fixed : ./modules/scanner_module.sh
[18:36:40] [FIX] Executable permission fixed : ./modules/sensitive_module.sh
[18:36:40] [FIX] Executable permission fixed : ./modules/scoring_module.sh
[18:36:40] [FIX] Executable permission fixed : ./modules/utils_module.sh
[18:36:40] [FIX] Executable permission fixed : ./modules/dashboard_module.sh
